1.78728e+09 153 2.32419
1.78728e+09 169 0.251713
1.78728e+09 263 0.254828
1.78728e+09 315 2.56925
1.78728e+09 477 2.80658
1.78728e+09 627 0.266578
1.78728e+09 640 2.94825
1.78729e+09 801 2.38677
1.78729e+09 963 3.0251
1.78729e+09 1125 2.39441
1.78729e+09 1287 3.1556
1.78729e+09 1449 2.39198
1.78729e+09 1611 3.07665
1.78729e+09 1745 0.258723
1.78729e+09 1753 0.302623
1.78729e+09 1773 2.58283
1.78729e+09 1935 3.00509
1.78729e+09 2097 2.58756
1.78729e+09 2222 0.259394
1.78729e+09 2258 2.94944
1.78729e+09 2409 0.264668
1.78729e+09 2420 2.60967
1.78729e+09 2582 2.93962
1.78729e+09 2643 0.259113
1.78729e+09 2744 2.56606
1.78729e+09 2874 0.258202
1.78729e+09 2906 3.11109
1.78729e+09 3068 2.61853
1.78729e+09 3141 0.265871
1.78729e+09 3230 3.04436
1.78729e+09 3248 0.273734
1.78729e+09 3295 0.255451
1.78729e+09 3392 2.61505
1.78729e+09 3554 3.14395
1.78729e+09 3573 0.264873
1.78729e+09 3805 0.250841
1.78729e+09 3898 0.25363
1.78729e+09 4004 5.29354
1.78729e+09 4039 0.264534
1.78729e+09 4225 0.256429
1.78729e+09 4325 0.283806
1.78729e+09 4525 0.277284
1.78729e+09 4575 0.265483
1.78729e+09 4625 0.264166
1.78729e+09 4675 0.259754
1.78729e+09 5174 0.257243
1.78729e+09 5224 0.261853
1.78729e+09 5623 0.272744
1.78729e+09 5673 0.262812
1.78729e+09 6022 0.273626
1.78729e+09 6072 0.269141
1.78729e+09 6122 0.26191
1.78729e+09 6172 0.253434
1.78729e+09 6771 0.271147
1.78729e+09 6938 2.37454
1.78729e+09 7100 2.55421
1.78729e+09 7157 0.267405
1.78729e+09 7262 2.71267
1.78729e+09 7424 2.75713
1.78729e+09 7530 0.259149
1.78729e+09 7585 2.7184
1.78729e+09 7748 2.69274
1.78729e+09 7764 0.251449
1.78729e+09 7811 0.261335
1.78729e+09 7897 0.31231
1.78729e+09 7899 0.306088
1.78729e+09 7908 3095.26
1.78729e+09 7909 1.68346
1.78729e+09 7920 0.252404
1.78729e+09 7922 0.285701
